
> bigbowl@1.0.1 web
> expo start --web

Starting project at /app
React Compiler enabled
Starting Metro Bundler
The following packages should be updated for best compatibility with the installed expo version:
  expo@54.0.30 - expected version: ~54.0.35
  expo-constants@18.0.12 - expected version: ~18.0.13
  expo-font@14.0.10 - expected version: ~14.0.12
  expo-linking@8.0.11 - expected version: ~8.0.12
  expo-router@6.0.21 - expected version: ~6.0.24
  expo-web-browser@15.0.10 - expected version: ~15.0.11
Your project may not work correctly until you install the expected versions of the packages.
Waiting on http://localhost:8081
Logs for your project will appear below.
Web node_modules/expo-router/entry.js ░░░░░░░░░░░░░░░░  0.0% (0/1)
λ Bundled 2280ms node_modules/expo-router/node/render.js (1128 modules)
"shadow*" style props are deprecated. Use "boxShadow".
Web node_modules/expo-router/entry.js ▓▓▓▓▓▓▓▓▓▓▓▓▓▓▓░ 99.9% (1180/1180)

Metro error: jest is not defined

Code: index.test.tsx
[0m [90m  5 |[39m
 [90m  6 |[39m [90m// Mock Alert so we can spy on it[39m
[31m[1m>[22m[39m[90m  7 |[39m jest[33m.[39mspyOn([33mAlert[39m[33m,[39m [32m'alert'[39m)[33m;[39m
 [90m    |[39m [31m[1m^[22m[39m
 [90m  8 |[39m
 [90m  9 |[39m describe([32m'App Component'[39m[33m,[39m () [33m=>[39m {
 [90m 10 |[39m   beforeEach(() [33m=>[39m {[0m
Call Stack
  factory (app/(tabs)/index.test.tsx:7)
  Object.get [as ./(tabs)/index.test.tsx] (app:5:65)
  contextModule (app:13:15)
Web node_modules/expo-router/entry.js ▓▓▓▓▓▓▓▓▓▓▓▓▓▓▓░ 99.9% (1180/1180)
Web Bundled 4101ms node_modules/expo-router/entry.js (1180 modules)
Web Bundled 209ms node_modules/expo-router/_error.js (250 modules)
 LOG  [web] Logs will appear in the browser console
Web node_modules/expo-router/entry.js ░░░░░░░░░░░░░░░░  0.0% (0/1)
λ Bundled 768ms node_modules/expo-router/node/render.js (1 module)
"shadow*" style props are deprecated. Use "boxShadow".
λ  WARN  props.pointerEvents is deprecated. Use style.pointerEvents
Web Bundled 1244ms node_modules/expo-router/entry.js (1 module)
Web node_modules/expo-router/entry.js ▓▓▓▓▓▓▓▓▓░░░░░░░ 56.3% (123/289)
Web node_modules/expo-router/entry.js ▓▓▓▓▓▓▓▓▓░░░░░░░ 56.4% (484/656)
Web node_modules/expo-router/entry.js ▓▓▓▓▓▓▓▓▓▓▓▓▓▓░░ 91.3% (897/939)
Web Bundled 10180ms node_modules/expo-router/entry.js (1078 modules)
 LOG  [web] Logs will appear in the browser console
